// Jest Snapshot v1, https://goo.gl/fbAQLP

exports[`<Grid /> Snapshot 1`] = `
<DocumentFragment>
  <div
    class="dark:bg-gray-900 p-10 grid gap-10 grid-cols-4"
  >
    <div>
      <div
        class="max-w-sm overflow-hidden"
      >
        <img
          alt="Card"
          class="w-full"
          src="example.com"
        />
        <div
          class="px-6 py-4"
        >
          <div
            class="font-bold text-xl mb-2 text-blue-500"
          >
            title
          </div>
          <p
            class="text-gray-700 text-base dark:text-gray-500"
          >
            genre1genre2, 2022
          </p>
        </div>
      </div>
    </div>
  </div>
</DocumentFragment>
`;
